* This is the StructMobWeight report file that is output every time the server starts.
* 
* Spawn Balance Utility (SBU) will use this file ONLY if it is renamed to StructMobWeight.csv.
* Lines starting with '*' are comments and ignored
* It allows you to add and remove mobs and adjust their spawnweights for Structures
* like shipwrecks, nether fortresses, water monuments, etc.
* 
1, minecraft:ancient_city, HEADING, header:ignore, 0, 0, 0
2, cataclysm:ancient_factory, HEADING, header:ignore, 0, 0, 0
3, deeperdarker:ancient_temple, HEADING, header:ignore, 0, 0, 0
4, minecraft:bastion_remnant, HEADING, header:ignore, 0, 0, 0
5, man:bed, HEADING, header:ignore, 0, 0, 0
6, spore:biomass_tower, HEADING, header:ignore, 0, 0, 0
7, spore:biomass_tower, CREATURE, spore:inf_human, 10, 1, 4
8, man:book, HEADING, header:ignore, 0, 0, 0
9, minecraft:buried_treasure, HEADING, header:ignore, 0, 0, 0
10, cataclysm:burning_arena, HEADING, header:ignore, 0, 0, 0
11, outer_end:catacombs, HEADING, header:ignore, 0, 0, 0
12, outer_end:catacombs, MONSTER, outer_end:entombed, 10, 1, 1
13, weeping_angels:catacombs, HEADING, header:ignore, 0, 0, 0
14, weeping_angels:catacombs, MONSTER, weeping_angels:weeping_angel, 30, 1, 4
15, spore:church, HEADING, header:ignore, 0, 0, 0
16, spore:church, CREATURE, spore:inf_human, 40, 1, 4
17, spore:church, CREATURE, spore:inf_villager, 40, 1, 4
18, born_in_chaos_v1:clown_caravan_plains, HEADING, header:ignore, 0, 0, 0
19, born_in_chaos_v1:clown_caravan_savanna, HEADING, header:ignore, 0, 0, 0
20, born_in_chaos_v1:clown_caravan_taiga, HEADING, header:ignore, 0, 0, 0
21, cataclysm:cursed_pyramid, HEADING, header:ignore, 0, 0, 0
22, born_in_chaos_v1:dark_tower_forest, HEADING, header:ignore, 0, 0, 0
23, born_in_chaos_v1:dark_tower_plain, HEADING, header:ignore, 0, 0, 0
24, born_in_chaos_v1:dark_tower_taiga, HEADING, header:ignore, 0, 0, 0
25, terralith:desert_outpost, HEADING, header:ignore, 0, 0, 0
26, terralith:desert_outpost, MONSTER, minecraft:pillager, 10, 1, 1
27, minecraft:desert_pyramid, HEADING, header:ignore, 0, 0, 0
28, betterdeserttemples:desert_temple, HEADING, header:ignore, 0, 0, 0
29, betterdeserttemples:desert_temple, MONSTER, minecraft:husk, 80, 10, 32
30, betterdeserttemples:desert_temple, CREATURE, minecraft:cat, 80, 4, 4
31, betterdeserttemples:desert_temple, CREATURE, minecraft:rabbit, 80, 4, 4
32, minecraft:end_city, HEADING, header:ignore, 0, 0, 0
33, dungeons_plus:end_ruins, HEADING, header:ignore, 0, 0, 0
34, outer_end:end_tower, HEADING, header:ignore, 0, 0, 0
35, outer_end:end_tower, MONSTER, outer_end:purpur_golem, 10, 1, 1
36, outer_end:end_tower, MONSTER, outer_end:himmelite, 10, 2, 4
37, towns_and_towers:exclusives/pillager_outpost_classic, HEADING, header:ignore, 0, 0, 0
38, towns_and_towers:exclusives/pillager_outpost_classic, MONSTER, minecraft:pillager, 10, 1, 2
39, towns_and_towers:exclusives/pillager_outpost_iberian, HEADING, header:ignore, 0, 0, 0
40, towns_and_towers:exclusives/pillager_outpost_iberian, MONSTER, minecraft:pillager, 10, 1, 2
41, towns_and_towers:exclusives/pillager_outpost_mediterranean, HEADING, header:ignore, 0, 0, 0
42, towns_and_towers:exclusives/pillager_outpost_mediterranean, MONSTER, minecraft:pillager, 10, 1, 2
43, towns_and_towers:exclusives/pillager_outpost_oriental, HEADING, header:ignore, 0, 0, 0
44, towns_and_towers:exclusives/pillager_outpost_oriental, MONSTER, minecraft:pillager, 10, 1, 2
45, towns_and_towers:exclusives/pillager_outpost_rustic, HEADING, header:ignore, 0, 0, 0
46, towns_and_towers:exclusives/pillager_outpost_rustic, MONSTER, minecraft:pillager, 10, 1, 2
47, towns_and_towers:exclusives/pillager_outpost_swedish, HEADING, header:ignore, 0, 0, 0
48, towns_and_towers:exclusives/pillager_outpost_swedish, MONSTER, minecraft:pillager, 10, 1, 2
49, towns_and_towers:exclusives/pillager_outpost_tudor, HEADING, header:ignore, 0, 0, 0
50, towns_and_towers:exclusives/pillager_outpost_tudor, MONSTER, minecraft:pillager, 10, 1, 2
51, towns_and_towers:exclusives/village_classic, HEADING, header:ignore, 0, 0, 0
52, towns_and_towers:exclusives/village_iberian, HEADING, header:ignore, 0, 0, 0
53, towns_and_towers:exclusives/village_mediterranean, HEADING, header:ignore, 0, 0, 0
54, towns_and_towers:exclusives/village_nilotic, HEADING, header:ignore, 0, 0, 0
55, towns_and_towers:exclusives/village_piglin, HEADING, header:ignore, 0, 0, 0
56, towns_and_towers:exclusives/village_piglin, MONSTER, minecraft:piglin, 10, 6, 8
57, towns_and_towers:exclusives/village_piglin, MONSTER, minecraft:piglin_brute, 10, 2, 3
58, towns_and_towers:exclusives/village_rustic, HEADING, header:ignore, 0, 0, 0
59, towns_and_towers:exclusives/village_swedish, HEADING, header:ignore, 0, 0, 0
60, towns_and_towers:exclusives/village_tudor, HEADING, header:ignore, 0, 0, 0
61, towns_and_towers:exclusives/village_wandering_trader_camp, HEADING, header:ignore, 0, 0, 0
62, born_in_chaos_v1:farm, HEADING, header:ignore, 0, 0, 0
63, born_in_chaos_v1:firewell, HEADING, header:ignore, 0, 0, 0
64, horror_element_mod:fortified_church, HEADING, header:ignore, 0, 0, 0
65, terralith:fortified_desert_village, HEADING, header:ignore, 0, 0, 0
66, terralith:fortified_village, HEADING, header:ignore, 0, 0, 0
67, betterfortresses:fortress, HEADING, header:ignore, 0, 0, 0
68, betterfortresses:fortress, MONSTER, minecraft:blaze, 10, 2, 3
69, betterfortresses:fortress, MONSTER, minecraft:zombified_piglin, 10, 4, 4
70, betterfortresses:fortress, MONSTER, minecraft:wither_skeleton, 10, 5, 5
71, betterfortresses:fortress, MONSTER, minecraft:skeleton, 10, 5, 5
72, betterfortresses:fortress, MONSTER, minecraft:magma_cube, 10, 4, 4
73, minecraft:fortress, HEADING, header:ignore, 0, 0, 0
74, minecraft:fortress, MONSTER, minecraft:blaze, 10, 2, 3
75, minecraft:fortress, MONSTER, minecraft:zombified_piglin, 10, 4, 4
76, minecraft:fortress, MONSTER, minecraft:wither_skeleton, 10, 5, 5
77, minecraft:fortress, MONSTER, minecraft:skeleton, 10, 5, 5
78, minecraft:fortress, MONSTER, minecraft:magma_cube, 10, 4, 4
79, minecraft:fortress, MONSTER, cataclysm:ignited_berserker, 10, 1, 1
80, terralith:glacial_hut, HEADING, header:ignore, 0, 0, 0
81, born_in_chaos_v1:grave_darktitan, HEADING, header:ignore, 0, 0, 0
82, born_in_chaos_v1:grave_petasi, HEADING, header:ignore, 0, 0, 0
83, horror_element_mod:graveyard, HEADING, header:ignore, 0, 0, 0
84, horror_element_mod:herobrine_sanctum, HEADING, header:ignore, 0, 0, 0
85, man:house, HEADING, header:ignore, 0, 0, 0
86, the_flesh_that_hates:house1, HEADING, header:ignore, 0, 0, 0
87, the_flesh_that_hates:house1, CREATURE, the_flesh_that_hates:flesh_human, 10, 1, 2
88, spore:iceberg_mines, HEADING, header:ignore, 0, 0, 0
89, spore:iceberg_mines, CREATURE, minecraft:pig, 40, 1, 4
90, minecraft:igloo, HEADING, header:ignore, 0, 0, 0
91, terralith:igloo, HEADING, header:ignore, 0, 0, 0
92, born_in_chaos_v1:infernal_pumpkin, HEADING, header:ignore, 0, 0, 0
93, minecraft:jungle_pyramid, HEADING, header:ignore, 0, 0, 0
94, betterjungletemples:jungle_temple, HEADING, header:ignore, 0, 0, 0
95, spore:lab, HEADING, header:ignore, 0, 0, 0
96, spore:lab, CREATURE, spore:inf_hazmat, 70, 1, 4
97, spore:lab, infected, spore:inf_hazmat, 70, 2, 5
98, spore:lab, infected, spore:inf_player, 20, 1, 2
99, spore:lab, infected, spore:plagued, 10, 1, 2
100, spore:lab, infected, spore:inf_hazmat, 70, 2, 5
101, spore:lab, infected, spore:inf_player, 20, 1, 2
102, spore:lab, infected, spore:plagued, 10, 1, 2
103, spore:lab, infected, spore:inf_hazmat, 70, 2, 5
104, spore:lab, infected, spore:inf_player, 20, 1, 2
105, spore:lab, infected, spore:plagued, 10, 1, 2
106, spore:lab, infected, spore:inf_hazmat, 70, 2, 5
107, spore:lab, infected, spore:inf_player, 20, 1, 2
108, spore:lab, infected, spore:plagued, 10, 1, 2
109, spore:lab, infected, spore:inf_hazmat, 70, 2, 5
110, spore:lab, infected, spore:inf_player, 20, 1, 2
111, spore:lab, infected, spore:plagued, 10, 1, 2
112, horror_element_mod:laboratory, HEADING, header:ignore, 0, 0, 0
113, horror_element_mod:labyrinth, HEADING, header:ignore, 0, 0, 0
114, ctov:large/village_beach, HEADING, header:ignore, 0, 0, 0
115, ctov:large/village_christmas, HEADING, header:ignore, 0, 0, 0
116, ctov:large/village_dark_forest, HEADING, header:ignore, 0, 0, 0
117, ctov:large/village_desert, HEADING, header:ignore, 0, 0, 0
118, ctov:large/village_desert_oasis, HEADING, header:ignore, 0, 0, 0
119, ctov:large/village_jungle, HEADING, header:ignore, 0, 0, 0
120, ctov:large/village_jungle_tree, HEADING, header:ignore, 0, 0, 0
121, ctov:large/village_mesa, HEADING, header:ignore, 0, 0, 0
122, ctov:large/village_mesa_fortified, HEADING, header:ignore, 0, 0, 0
123, ctov:large/village_mountain, HEADING, header:ignore, 0, 0, 0
124, ctov:large/village_mountain_alpine, HEADING, header:ignore, 0, 0, 0
125, ctov:large/village_mushroom, HEADING, header:ignore, 0, 0, 0
126, ctov:large/village_plains, HEADING, header:ignore, 0, 0, 0
127, ctov:large/village_plains_fortified, HEADING, header:ignore, 0, 0, 0
128, ctov:large/village_savanna, HEADING, header:ignore, 0, 0, 0
129, ctov:large/village_savanna_na, HEADING, header:ignore, 0, 0, 0
130, ctov:large/village_snowy_igloo, HEADING, header:ignore, 0, 0, 0
131, ctov:large/village_swamp, HEADING, header:ignore, 0, 0, 0
132, ctov:large/village_swamp_fortified, HEADING, header:ignore, 0, 0, 0
133, ctov:large/village_taiga, HEADING, header:ignore, 0, 0, 0
134, ctov:large/village_taiga_fortified, HEADING, header:ignore, 0, 0, 0
135, ctov:large/village_underground, HEADING, header:ignore, 0, 0, 0
136, watching:leafless_grove, HEADING, header:ignore, 0, 0, 0
137, dungeons_plus:leviathan, HEADING, header:ignore, 0, 0, 0
138, dungeons_plus:leviathan, MONSTER, minecraft:husk, 10, 1, 4
139, watching:logless_tree/acacia, HEADING, header:ignore, 0, 0, 0
140, watching:logless_tree/birch, HEADING, header:ignore, 0, 0, 0
141, watching:logless_tree/oak, HEADING, header:ignore, 0, 0, 0
142, watching:logless_tree/spruce, HEADING, header:ignore, 0, 0, 0
143, terralith:mage_complex, HEADING, header:ignore, 0, 0, 0
144, terralith:mage_tower, HEADING, header:ignore, 0, 0, 0
145, terralith:mage_tower_autumn, HEADING, header:ignore, 0, 0, 0
146, terralith:mage_tower_spring, HEADING, header:ignore, 0, 0, 0
147, terralith:mage_tower_summer, HEADING, header:ignore, 0, 0, 0
148, terralith:mage_tower_winter, HEADING, header:ignore, 0, 0, 0
149, minecraft:mansion, HEADING, header:ignore, 0, 0, 0
150, minecraft:mansion, MONSTER, spore:inf_evoker, 60, 2, 4
151, minecraft:mansion, MONSTER, spore:inf_vindicator, 80, 3, 6
152, minecraft:mansion, MONSTER, spore:inf_evoker, 60, 2, 4
153, minecraft:mansion, MONSTER, spore:inf_vindicator, 80, 3, 6
154, minecraft:mansion, MONSTER, spore:inf_evoker, 60, 2, 4
155, minecraft:mansion, MONSTER, spore:inf_vindicator, 80, 3, 6
156, minecraft:mansion, MONSTER, spore:inf_evoker, 60, 2, 4
157, minecraft:mansion, MONSTER, spore:inf_vindicator, 80, 3, 6
158, minecraft:mansion, MONSTER, spore:inf_evoker, 60, 2, 4
159, minecraft:mansion, MONSTER, spore:inf_vindicator, 80, 3, 6
160, ctov:medium/village_beach, HEADING, header:ignore, 0, 0, 0
161, ctov:medium/village_christmas, HEADING, header:ignore, 0, 0, 0
162, ctov:medium/village_dark_forest, HEADING, header:ignore, 0, 0, 0
163, ctov:medium/village_desert, HEADING, header:ignore, 0, 0, 0
164, ctov:medium/village_desert_oasis, HEADING, header:ignore, 0, 0, 0
165, ctov:medium/village_jungle, HEADING, header:ignore, 0, 0, 0
166, ctov:medium/village_jungle_tree, HEADING, header:ignore, 0, 0, 0
167, ctov:medium/village_mesa, HEADING, header:ignore, 0, 0, 0
168, ctov:medium/village_mesa_fortified, HEADING, header:ignore, 0, 0, 0
169, ctov:medium/village_mountain, HEADING, header:ignore, 0, 0, 0
170, ctov:medium/village_mountain_alpine, HEADING, header:ignore, 0, 0, 0
171, ctov:medium/village_mushroom, HEADING, header:ignore, 0, 0, 0
172, ctov:medium/village_plains, HEADING, header:ignore, 0, 0, 0
173, ctov:medium/village_plains_fortified, HEADING, header:ignore, 0, 0, 0
174, ctov:medium/village_savanna, HEADING, header:ignore, 0, 0, 0
175, ctov:medium/village_savanna_na, HEADING, header:ignore, 0, 0, 0
176, ctov:medium/village_snowy_igloo, HEADING, header:ignore, 0, 0, 0
177, ctov:medium/village_swamp, HEADING, header:ignore, 0, 0, 0
178, ctov:medium/village_swamp_fortified, HEADING, header:ignore, 0, 0, 0
179, ctov:medium/village_taiga, HEADING, header:ignore, 0, 0, 0
180, ctov:medium/village_taiga_fortified, HEADING, header:ignore, 0, 0, 0
181, ctov:medium/village_underground, HEADING, header:ignore, 0, 0, 0
182, towns_and_towers:mimic_desert, HEADING, header:ignore, 0, 0, 0
183, spore:mines, HEADING, header:ignore, 0, 0, 0
184, spore:mines, CREATURE, spore:inf_hazmat, 70, 1, 4
185, spore:mines, infected, spore:inf_hazmat, 70, 2, 5
186, spore:mines, infected, spore:inf_player, 20, 1, 2
187, spore:mines, infected, spore:plagued, 10, 1, 2
188, spore:mines, infected, spore:inf_hazmat, 70, 2, 5
189, spore:mines, infected, spore:inf_player, 20, 1, 2
190, spore:mines, infected, spore:plagued, 10, 1, 2
191, spore:mines, infected, spore:inf_hazmat, 70, 2, 5
192, spore:mines, infected, spore:inf_player, 20, 1, 2
193, spore:mines, infected, spore:plagued, 10, 1, 2
194, spore:mines, infected, spore:inf_hazmat, 70, 2, 5
195, spore:mines, infected, spore:inf_player, 20, 1, 2
196, spore:mines, infected, spore:plagued, 10, 1, 2
197, spore:mines, infected, spore:inf_hazmat, 70, 2, 5
198, spore:mines, infected, spore:inf_player, 20, 1, 2
199, spore:mines, infected, spore:plagued, 10, 1, 2
200, minecraft:mineshaft, HEADING, header:ignore, 0, 0, 0
201, bettermineshafts:mineshaft_acacia, HEADING, header:ignore, 0, 0, 0
202, bettermineshafts:mineshaft_desert, HEADING, header:ignore, 0, 0, 0
203, bettermineshafts:mineshaft_dripstone, HEADING, header:ignore, 0, 0, 0
204, bettermineshafts:mineshaft_ice, HEADING, header:ignore, 0, 0, 0
205, bettermineshafts:mineshaft_jungle, HEADING, header:ignore, 0, 0, 0
206, bettermineshafts:mineshaft_lush, HEADING, header:ignore, 0, 0, 0
207, bettermineshafts:mineshaft_mesa, HEADING, header:ignore, 0, 0, 0
208, minecraft:mineshaft_mesa, HEADING, header:ignore, 0, 0, 0
209, bettermineshafts:mineshaft_mushroom, HEADING, header:ignore, 0, 0, 0
210, bettermineshafts:mineshaft_oak, HEADING, header:ignore, 0, 0, 0
211, bettermineshafts:mineshaft_overgrown, HEADING, header:ignore, 0, 0, 0
212, bettermineshafts:mineshaft_red_desert, HEADING, header:ignore, 0, 0, 0
213, bettermineshafts:mineshaft_spruce, HEADING, header:ignore, 0, 0, 0
214, bettermineshafts:mineshaft_spruce_snowy, HEADING, header:ignore, 0, 0, 0
215, minecraft:monument, HEADING, header:ignore, 0, 0, 0
216, minecraft:monument, MONSTER, minecraft:guardian, 10, 2, 4
217, watching:mossy_pyramid, HEADING, header:ignore, 0, 0, 0
218, born_in_chaos_v1:mound_of_hounds, HEADING, header:ignore, 0, 0, 0
219, the_flesh_that_hates:mouth1, HEADING, header:ignore, 0, 0, 0
220, the_flesh_that_hates:mouth1, CREATURE, the_flesh_that_hates:flesh_human, 10, 1, 2
221, minecraft:nether_fossil, HEADING, header:ignore, 0, 0, 0
222, forbidden_arcanus:nipa, HEADING, header:ignore, 0, 0, 0
223, forbidden_arcanus:nipa_floating, HEADING, header:ignore, 0, 0, 0
224, born_in_chaos_v1:observation_tower_forest, HEADING, header:ignore, 0, 0, 0
225, born_in_chaos_v1:observation_tower_plains, HEADING, header:ignore, 0, 0, 0
226, betteroceanmonuments:ocean_monument, HEADING, header:ignore, 0, 0, 0
227, betteroceanmonuments:ocean_monument, MONSTER, minecraft:guardian, 10, 2, 4
228, minecraft:ocean_ruin_cold, HEADING, header:ignore, 0, 0, 0
229, minecraft:ocean_ruin_warm, HEADING, header:ignore, 0, 0, 0
230, watching:ocean_sand_pyramid, HEADING, header:ignore, 0, 0, 0
231, minecraft:pillager_outpost, HEADING, header:ignore, 0, 0, 0
232, minecraft:pillager_outpost, MONSTER, minecraft:pillager, 10, 1, 1
233, minecraft:pillager_outpost, MONSTER, spore:inf_pillager, 60, 2, 4
234, minecraft:pillager_outpost, MONSTER, spore:inf_pillager, 60, 2, 4
235, minecraft:pillager_outpost, MONSTER, spore:inf_pillager, 60, 2, 4
236, minecraft:pillager_outpost, MONSTER, spore:inf_pillager, 60, 2, 4
237, minecraft:pillager_outpost, MONSTER, spore:inf_pillager, 60, 2, 4
238, ctov:pillager_outpost_badlands, HEADING, header:ignore, 0, 0, 0
239, ctov:pillager_outpost_badlands, MONSTER, minecraft:pillager, 10, 1, 1
240, ctov:pillager_outpost_badlands, MONSTER, minecraft:evoker, 10, 1, 1
241, ctov:pillager_outpost_badlands, MONSTER, minecraft:vindicator, 10, 1, 1
242, ctov:pillager_outpost_badlands, MONSTER, minecraft:witch, 10, 1, 1
243, towns_and_towers:pillager_outpost_badlands, HEADING, header:ignore, 0, 0, 0
244, towns_and_towers:pillager_outpost_badlands, MONSTER, minecraft:pillager, 10, 1, 2
245, ctov:pillager_outpost_beach, HEADING, header:ignore, 0, 0, 0
246, ctov:pillager_outpost_beach, MONSTER, minecraft:pillager, 10, 1, 1
247, ctov:pillager_outpost_beach, MONSTER, minecraft:evoker, 10, 1, 1
248, ctov:pillager_outpost_beach, MONSTER, minecraft:vindicator, 10, 1, 1
249, ctov:pillager_outpost_beach, MONSTER, minecraft:witch, 10, 1, 1
250, towns_and_towers:pillager_outpost_beach, HEADING, header:ignore, 0, 0, 0
251, towns_and_towers:pillager_outpost_beach, MONSTER, minecraft:pillager, 10, 1, 2
252, towns_and_towers:pillager_outpost_birch_forest, HEADING, header:ignore, 0, 0, 0
253, towns_and_towers:pillager_outpost_birch_forest, MONSTER, minecraft:pillager, 10, 1, 2
254, ctov:pillager_outpost_dark_forest, HEADING, header:ignore, 0, 0, 0
255, ctov:pillager_outpost_dark_forest, MONSTER, minecraft:pillager, 10, 1, 1
256, ctov:pillager_outpost_dark_forest, MONSTER, minecraft:evoker, 10, 1, 1
257, ctov:pillager_outpost_dark_forest, MONSTER, minecraft:vindicator, 10, 1, 1
258, ctov:pillager_outpost_dark_forest, MONSTER, minecraft:witch, 10, 1, 1
259, ctov:pillager_outpost_desert, HEADING, header:ignore, 0, 0, 0
260, ctov:pillager_outpost_desert, MONSTER, minecraft:pillager, 10, 1, 1
261, ctov:pillager_outpost_desert, MONSTER, minecraft:evoker, 10, 1, 1
262, ctov:pillager_outpost_desert, MONSTER, minecraft:vindicator, 10, 1, 1
263, ctov:pillager_outpost_desert, MONSTER, minecraft:witch, 10, 1, 1
264, towns_and_towers:pillager_outpost_desert, HEADING, header:ignore, 0, 0, 0
265, towns_and_towers:pillager_outpost_desert, MONSTER, minecraft:pillager, 10, 1, 2
266, towns_and_towers:pillager_outpost_flower_forest, HEADING, header:ignore, 0, 0, 0
267, towns_and_towers:pillager_outpost_flower_forest, MONSTER, minecraft:pillager, 10, 1, 2
268, towns_and_towers:pillager_outpost_forest, HEADING, header:ignore, 0, 0, 0
269, towns_and_towers:pillager_outpost_forest, MONSTER, minecraft:pillager, 10, 1, 2
270, towns_and_towers:pillager_outpost_grove, HEADING, header:ignore, 0, 0, 0
271, towns_and_towers:pillager_outpost_grove, MONSTER, minecraft:pillager, 10, 1, 2
272, ctov:pillager_outpost_jungle, HEADING, header:ignore, 0, 0, 0
273, ctov:pillager_outpost_jungle, MONSTER, minecraft:pillager, 10, 1, 1
274, ctov:pillager_outpost_jungle, MONSTER, minecraft:evoker, 10, 1, 1
275, ctov:pillager_outpost_jungle, MONSTER, minecraft:vindicator, 10, 1, 1
276, ctov:pillager_outpost_jungle, MONSTER, minecraft:witch, 10, 1, 1
277, towns_and_towers:pillager_outpost_jungle, HEADING, header:ignore, 0, 0, 0
278, towns_and_towers:pillager_outpost_jungle, MONSTER, minecraft:pillager, 10, 1, 2
279, towns_and_towers:pillager_outpost_meadow, HEADING, header:ignore, 0, 0, 0
280, towns_and_towers:pillager_outpost_meadow, MONSTER, minecraft:pillager, 10, 1, 2
281, ctov:pillager_outpost_mesa, HEADING, header:ignore, 0, 0, 0
282, ctov:pillager_outpost_mesa, MONSTER, minecraft:pillager, 10, 1, 1
283, ctov:pillager_outpost_mesa, MONSTER, minecraft:evoker, 10, 1, 1
284, ctov:pillager_outpost_mesa, MONSTER, minecraft:vindicator, 10, 1, 1
285, ctov:pillager_outpost_mesa, MONSTER, minecraft:witch, 10, 1, 1
286, ctov:pillager_outpost_mountain, HEADING, header:ignore, 0, 0, 0
287, ctov:pillager_outpost_mountain, MONSTER, minecraft:pillager, 10, 1, 1
288, ctov:pillager_outpost_mountain, MONSTER, minecraft:evoker, 10, 1, 1
289, ctov:pillager_outpost_mountain, MONSTER, minecraft:vindicator, 10, 1, 1
290, ctov:pillager_outpost_mountain, MONSTER, minecraft:witch, 10, 1, 1
291, towns_and_towers:pillager_outpost_mushroom_fields, HEADING, header:ignore, 0, 0, 0
292, towns_and_towers:pillager_outpost_ocean, HEADING, header:ignore, 0, 0, 0
293, towns_and_towers:pillager_outpost_ocean, MONSTER, minecraft:pillager, 10, 1, 2
294, towns_and_towers:pillager_outpost_old_growth_taiga, HEADING, header:ignore, 0, 0, 0
295, towns_and_towers:pillager_outpost_old_growth_taiga, MONSTER, minecraft:pillager, 10, 1, 2
296, ctov:pillager_outpost_plains, HEADING, header:ignore, 0, 0, 0
297, ctov:pillager_outpost_plains, MONSTER, minecraft:pillager, 10, 1, 1
298, ctov:pillager_outpost_plains, MONSTER, minecraft:evoker, 10, 1, 1
299, ctov:pillager_outpost_plains, MONSTER, minecraft:vindicator, 10, 1, 1
300, ctov:pillager_outpost_plains, MONSTER, minecraft:witch, 10, 1, 1
301, ctov:pillager_outpost_savanna, HEADING, header:ignore, 0, 0, 0
302, ctov:pillager_outpost_savanna, MONSTER, minecraft:pillager, 10, 1, 1
303, ctov:pillager_outpost_savanna, MONSTER, minecraft:evoker, 10, 1, 1
304, ctov:pillager_outpost_savanna, MONSTER, minecraft:vindicator, 10, 1, 1
305, ctov:pillager_outpost_savanna, MONSTER, minecraft:witch, 10, 1, 1
306, towns_and_towers:pillager_outpost_savanna, HEADING, header:ignore, 0, 0, 0
307, towns_and_towers:pillager_outpost_savanna, MONSTER, minecraft:pillager, 10, 1, 2
308, towns_and_towers:pillager_outpost_savanna_plateau, HEADING, header:ignore, 0, 0, 0
309, towns_and_towers:pillager_outpost_savanna_plateau, MONSTER, minecraft:pillager, 10, 1, 2
310, ctov:pillager_outpost_snowy, HEADING, header:ignore, 0, 0, 0
311, ctov:pillager_outpost_snowy, MONSTER, minecraft:pillager, 10, 1, 1
312, ctov:pillager_outpost_snowy, MONSTER, minecraft:evoker, 10, 1, 1
313, ctov:pillager_outpost_snowy, MONSTER, minecraft:vindicator, 10, 1, 1
314, ctov:pillager_outpost_snowy, MONSTER, minecraft:witch, 10, 1, 1
315, towns_and_towers:pillager_outpost_snowy_beach, HEADING, header:ignore, 0, 0, 0
316, towns_and_towers:pillager_outpost_snowy_beach, MONSTER, minecraft:pillager, 10, 1, 2
317, towns_and_towers:pillager_outpost_snowy_plains, HEADING, header:ignore, 0, 0, 0
318, towns_and_towers:pillager_outpost_snowy_plains, MONSTER, minecraft:pillager, 10, 1, 2
319, towns_and_towers:pillager_outpost_snowy_slopes, HEADING, header:ignore, 0, 0, 0
320, towns_and_towers:pillager_outpost_snowy_slopes, MONSTER, minecraft:pillager, 10, 1, 2
321, towns_and_towers:pillager_outpost_snowy_taiga, HEADING, header:ignore, 0, 0, 0
322, towns_and_towers:pillager_outpost_snowy_taiga, MONSTER, minecraft:pillager, 10, 1, 2
323, towns_and_towers:pillager_outpost_sparse_jungle, HEADING, header:ignore, 0, 0, 0
324, towns_and_towers:pillager_outpost_sparse_jungle, MONSTER, minecraft:pillager, 10, 1, 2
325, towns_and_towers:pillager_outpost_sunflower_plains, HEADING, header:ignore, 0, 0, 0
326, towns_and_towers:pillager_outpost_sunflower_plains, MONSTER, minecraft:pillager, 10, 1, 2
327, ctov:pillager_outpost_swamp, HEADING, header:ignore, 0, 0, 0
328, ctov:pillager_outpost_swamp, MONSTER, minecraft:pillager, 10, 1, 1
329, ctov:pillager_outpost_swamp, MONSTER, minecraft:evoker, 10, 1, 1
330, ctov:pillager_outpost_swamp, MONSTER, minecraft:vindicator, 10, 1, 1
331, ctov:pillager_outpost_swamp, MONSTER, minecraft:witch, 10, 1, 1
332, towns_and_towers:pillager_outpost_swamp, HEADING, header:ignore, 0, 0, 0
333, towns_and_towers:pillager_outpost_swamp, MONSTER, minecraft:pillager, 10, 1, 2
334, ctov:pillager_outpost_taiga, HEADING, header:ignore, 0, 0, 0
335, ctov:pillager_outpost_taiga, MONSTER, minecraft:pillager, 10, 1, 1
336, ctov:pillager_outpost_taiga, MONSTER, minecraft:evoker, 10, 1, 1
337, ctov:pillager_outpost_taiga, MONSTER, minecraft:vindicator, 10, 1, 1
338, ctov:pillager_outpost_taiga, MONSTER, minecraft:witch, 10, 1, 1
339, towns_and_towers:pillager_outpost_taiga, HEADING, header:ignore, 0, 0, 0
340, towns_and_towers:pillager_outpost_taiga, MONSTER, minecraft:pillager, 10, 1, 2
341, towns_and_towers:pillager_outpost_wooded_badlands, HEADING, header:ignore, 0, 0, 0
342, towns_and_towers:pillager_outpost_wooded_badlands, MONSTER, minecraft:pillager, 10, 1, 2
343, blocky_siege:pillager_ship, HEADING, header:ignore, 0, 0, 0
344, horror_element_mod:psycho_house, HEADING, header:ignore, 0, 0, 0
345, the_flesh_that_hates:pus, HEADING, header:ignore, 0, 0, 0
346, the_flesh_that_hates:pus, CREATURE, the_flesh_that_hates:flesh_human, 10, 1, 2
347, dungeons_plus:reanimated_ruins_frozen, HEADING, header:ignore, 0, 0, 0
348, dungeons_plus:reanimated_ruins_mesa, HEADING, header:ignore, 0, 0, 0
349, dungeons_plus:reanimated_ruins_mossy, HEADING, header:ignore, 0, 0, 0
350, watching:redstone_torch_trail, HEADING, header:ignore, 0, 0, 0
351, man:ritual, HEADING, header:ignore, 0, 0, 0
352, terralith:rubble_desert, HEADING, header:ignore, 0, 0, 0
353, terralith:rubble_forest, HEADING, header:ignore, 0, 0, 0
354, terralith:rubble_jungle, HEADING, header:ignore, 0, 0, 0
355, terralith:rubble_mesa, HEADING, header:ignore, 0, 0, 0
356, terralith:rubble_mountain, HEADING, header:ignore, 0, 0, 0
357, terralith:rubble_taiga, HEADING, header:ignore, 0, 0, 0
358, cataclysm:ruined_citadel, HEADING, header:ignore, 0, 0, 0
359, cataclysm:ruined_citadel, MONSTER, cataclysm:endermaptera, 10, 1, 1
360, minecraft:ruined_portal, HEADING, header:ignore, 0, 0, 0
361, minecraft:ruined_portal_desert, HEADING, header:ignore, 0, 0, 0
362, minecraft:ruined_portal_jungle, HEADING, header:ignore, 0, 0, 0
363, minecraft:ruined_portal_mountain, HEADING, header:ignore, 0, 0, 0
364, minecraft:ruined_portal_nether, HEADING, header:ignore, 0, 0, 0
365, minecraft:ruined_portal_ocean, HEADING, header:ignore, 0, 0, 0
366, minecraft:ruined_portal_swamp, HEADING, header:ignore, 0, 0, 0
367, watching:sand_pyramid, HEADING, header:ignore, 0, 0, 0
368, sculkhorde:sculk_tomb_main, HEADING, header:ignore, 0, 0, 0
369, minecraft:shipwreck, HEADING, header:ignore, 0, 0, 0
370, minecraft:shipwreck_beached, HEADING, header:ignore, 0, 0, 0
371, betterdungeons:skeleton_dungeon, HEADING, header:ignore, 0, 0, 0
372, betterdungeons:skeleton_dungeon, MONSTER, minecraft:skeleton, 80, 4, 15
373, slenderman:slender_forest, HEADING, header:ignore, 0, 0, 0
374, ctov:small/village_beach, HEADING, header:ignore, 0, 0, 0
375, ctov:small/village_christmas, HEADING, header:ignore, 0, 0, 0
376, ctov:small/village_dark_forest, HEADING, header:ignore, 0, 0, 0
377, ctov:small/village_desert, HEADING, header:ignore, 0, 0, 0
378, ctov:small/village_desert_oasis, HEADING, header:ignore, 0, 0, 0
379, ctov:small/village_jungle, HEADING, header:ignore, 0, 0, 0
380, ctov:small/village_jungle_tree, HEADING, header:ignore, 0, 0, 0
381, ctov:small/village_mesa, HEADING, header:ignore, 0, 0, 0
382, ctov:small/village_mesa_fortified, HEADING, header:ignore, 0, 0, 0
383, ctov:small/village_mountain, HEADING, header:ignore, 0, 0, 0
384, ctov:small/village_mountain_alpine, HEADING, header:ignore, 0, 0, 0
385, ctov:small/village_mushroom, HEADING, header:ignore, 0, 0, 0
386, ctov:small/village_plains, HEADING, header:ignore, 0, 0, 0
387, ctov:small/village_plains_fortified, HEADING, header:ignore, 0, 0, 0
388, ctov:small/village_savanna, HEADING, header:ignore, 0, 0, 0
389, ctov:small/village_savanna_na, HEADING, header:ignore, 0, 0, 0
390, ctov:small/village_snowy_igloo, HEADING, header:ignore, 0, 0, 0
391, ctov:small/village_swamp, HEADING, header:ignore, 0, 0, 0
392, ctov:small/village_swamp_fortified, HEADING, header:ignore, 0, 0, 0
393, ctov:small/village_taiga, HEADING, header:ignore, 0, 0, 0
394, ctov:small/village_taiga_fortified, HEADING, header:ignore, 0, 0, 0
395, ctov:small/village_underground, HEADING, header:ignore, 0, 0, 0
396, betterdungeons:small_dungeon, HEADING, header:ignore, 0, 0, 0
397, betterdungeons:small_nether_dungeon, HEADING, header:ignore, 0, 0, 0
398, dungeons_plus:snowy_temple, HEADING, header:ignore, 0, 0, 0
399, dungeons_plus:snowy_temple, MONSTER, minecraft:stray, 10, 1, 4
400, cataclysm:soul_black_smith, HEADING, header:ignore, 0, 0, 0
401, dungeons_plus:soul_prison, HEADING, header:ignore, 0, 0, 0
402, dungeons_plus:soul_prison, MONSTER, minecraft:skeleton, 10, 1, 4
403, dungeons_plus:soul_prison, MONSTER, minecraft:ghast, 10, 1, 2
404, the_flesh_that_hates:spawnmouth, HEADING, header:ignore, 0, 0, 0
405, the_flesh_that_hates:spawnmouth, CREATURE, the_flesh_that_hates:flesh_human, 10, 1, 2
406, betterdungeons:spider_dungeon, HEADING, header:ignore, 0, 0, 0
407, betterdungeons:spider_dungeon, MONSTER, minecraft:spider, 80, 4, 15
408, betterdungeons:spider_dungeon, MONSTER, minecraft:cave_spider, 50, 4, 8
409, the_flesh_that_hates:spine1, HEADING, header:ignore, 0, 0, 0
410, the_flesh_that_hates:spine1, CREATURE, the_flesh_that_hates:flesh_human, 10, 1, 2
411, terralith:spire, HEADING, header:ignore, 0, 0, 0
412, man:str_1, HEADING, header:ignore, 0, 0, 0
413, betterstrongholds:stronghold, HEADING, header:ignore, 0, 0, 0
414, minecraft:stronghold, HEADING, header:ignore, 0, 0, 0
415, cataclysm:sunken_city, HEADING, header:ignore, 0, 0, 0
416, minecraft:swamp_hut, HEADING, header:ignore, 0, 0, 0
417, minecraft:swamp_hut, MONSTER, minecraft:witch, 10, 1, 1
418, minecraft:swamp_hut, CREATURE, minecraft:cat, 10, 1, 1
419, watching:torch_cave, HEADING, header:ignore, 0, 0, 0
420, watching:torch_tunnel/1x2/torchless_tunnel, HEADING, header:ignore, 0, 0, 0
421, watching:torch_tunnel/1x2/tunnel, HEADING, header:ignore, 0, 0, 0
422, watching:torch_tunnel/2x2_tunnel, HEADING, header:ignore, 0, 0, 0
423, dungeons_plus:tower, HEADING, header:ignore, 0, 0, 0
424, apotheosis:tower_leaf, HEADING, header:ignore, 0, 0, 0
425, apotheosis:tower_main, HEADING, header:ignore, 0, 0, 0
426, apotheosis:tower_sand, HEADING, header:ignore, 0, 0, 0
427, apotheosis:tower_spruce, HEADING, header:ignore, 0, 0, 0
428, minecraft:trail_ruins, HEADING, header:ignore, 0, 0, 0
429, the_flesh_that_hates:tree, HEADING, header:ignore, 0, 0, 0
430, the_flesh_that_hates:tree, CREATURE, the_flesh_that_hates:flesh_human, 10, 1, 2
431, terralith:underground/frosted_dungeon, HEADING, header:ignore, 0, 0, 0
432, terralith:underground/giant_bee_hive, HEADING, header:ignore, 0, 0, 0
433, terralith:underground/mining_outpost, HEADING, header:ignore, 0, 0, 0
434, terralith:underground/oak_cabin, HEADING, header:ignore, 0, 0, 0
435, terralith:underground/old_refinery, HEADING, header:ignore, 0, 0, 0
436, terralith:underground/sunken_tower, HEADING, header:ignore, 0, 0, 0
437, terralith:underground/witch_hut, HEADING, header:ignore, 0, 0, 0
438, terralith:underground_cabin, HEADING, header:ignore, 0, 0, 0
439, terralith:valley_lodge, HEADING, header:ignore, 0, 0, 0
440, towns_and_towers:village_badlands, HEADING, header:ignore, 0, 0, 0
441, towns_and_towers:village_beach, HEADING, header:ignore, 0, 0, 0
442, towns_and_towers:village_birch_forest, HEADING, header:ignore, 0, 0, 0
443, minecraft:village_desert, HEADING, header:ignore, 0, 0, 0
444, towns_and_towers:village_flower_forest, HEADING, header:ignore, 0, 0, 0
445, towns_and_towers:village_forest, HEADING, header:ignore, 0, 0, 0
446, towns_and_towers:village_grove, HEADING, header:ignore, 0, 0, 0
447, towns_and_towers:village_jungle, HEADING, header:ignore, 0, 0, 0
448, towns_and_towers:village_meadow, HEADING, header:ignore, 0, 0, 0
449, towns_and_towers:village_mushroom_fields, HEADING, header:ignore, 0, 0, 0
450, towns_and_towers:village_ocean, HEADING, header:ignore, 0, 0, 0
451, towns_and_towers:village_old_growth_taiga, HEADING, header:ignore, 0, 0, 0
452, minecraft:village_plains, HEADING, header:ignore, 0, 0, 0
453, minecraft:village_savanna, HEADING, header:ignore, 0, 0, 0
454, towns_and_towers:village_savanna_plateau, HEADING, header:ignore, 0, 0, 0
455, minecraft:village_snowy, HEADING, header:ignore, 0, 0, 0
456, towns_and_towers:village_snowy_slopes, HEADING, header:ignore, 0, 0, 0
457, towns_and_towers:village_snowy_taiga, HEADING, header:ignore, 0, 0, 0
458, towns_and_towers:village_sparse_jungle, HEADING, header:ignore, 0, 0, 0
459, towns_and_towers:village_sunflower_plains, HEADING, header:ignore, 0, 0, 0
460, towns_and_towers:village_swamp, HEADING, header:ignore, 0, 0, 0
461, minecraft:village_taiga, HEADING, header:ignore, 0, 0, 0
462, towns_and_towers:village_wooded_badlands, HEADING, header:ignore, 0, 0, 0
463, horror_element_mod:voodoo_sanctum, HEADING, header:ignore, 0, 0, 0
464, dungeons_plus:warped_garden, HEADING, header:ignore, 0, 0, 0
465, dungeons_plus:warped_garden, MONSTER, minecraft:drowned, 10, 1, 4
466, man:well, HEADING, header:ignore, 0, 0, 0
467, betterwitchhuts:witch_circle, HEADING, header:ignore, 0, 0, 0
468, betterwitchhuts:witch_circle, MONSTER, minecraft:witch, 10, 1, 1
469, betterwitchhuts:witch_circle, CREATURE, minecraft:cat, 10, 1, 1
470, betterwitchhuts:witch_hut, HEADING, header:ignore, 0, 0, 0
471, betterwitchhuts:witch_hut, MONSTER, minecraft:witch, 10, 1, 1
472, betterwitchhuts:witch_hut, CREATURE, minecraft:cat, 10, 1, 1
473, terralith:witch_hut, HEADING, header:ignore, 0, 0, 0
474, terralith:witch_hut, MONSTER, minecraft:witch, 10, 1, 2
475, terralith:witch_hut, CREATURE, minecraft:cat, 10, 1, 1
476, towns_and_towers:wreckage_ocean, HEADING, header:ignore, 0, 0, 0
477, betterdungeons:zombie_dungeon, HEADING, header:ignore, 0, 0, 0
478, betterdungeons:zombie_dungeon, MONSTER, minecraft:zombie, 80, 4, 15
